Archive member included because of file (symbol)

c:/avr8-gnu-toolchain-win32_x86/bin/../lib/gcc/avr/4.6.2/avr5\libgcc.a(_exit.o)
                              c:/avr8-gnu-toolchain-win32_x86/bin/../lib/gcc/avr/4.6.2/../../../../avr/lib/avr5/crtm324a.o (exit)
c:/avr8-gnu-toolchain-win32_x86/bin/../lib/gcc/avr/4.6.2/avr5\libgcc.a(_copy_data.o)
                              main.o (__do_copy_data)
c:/avr8-gnu-toolchain-win32_x86/bin/../lib/gcc/avr/4.6.2/avr5\libgcc.a(_clear_bss.o)
                              main.o (__do_clear_bss)
c:/avr8-gnu-toolchain-win32_x86/bin/../lib/gcc/avr/4.6.2/avr5\libgcc.a(_lshrdi3.o)
                              TPI_driver.o (__lshrdi3)

Allocating common symbols
Common symbol       size              file

prog_cmd            0x4               protocol_avr911.o
idle_clock          0x1               main.o
lock_byte           0x2               main.o
low_byte            0x1               protocol_avr911.o
address             0x2               protocol_avr911.o
tpi_status          0x1               main.o
tpi_id              0x1               main.o
flash_address       0x2               protocol_avr911.o
config_byte_0       0x1               main.o
flash_data          0x2               protocol_avr911.o
calib_byte_0        0x1               main.o
high_byte           0x1               protocol_avr911.o
gaurd_time          0x1               main.o
dev_id              0x3               main.o

Memory Configuration

Name             Origin             Length             Attributes
text             0x00000000         0x00020000         xr
data             0x00800060         0x0000ffa0         rw !x
eeprom           0x00810000         0x00010000         rw !x
fuse             0x00820000         0x00000400         rw !x
lock             0x00830000         0x00000400         rw !x
signature        0x00840000         0x00000400         rw !x
*default*        0x00000000         0xffffffff

Linker script and memory map

Address of section .data set to 0x800100
LOAD c:/avr8-gnu-toolchain-win32_x86/bin/../lib/gcc/avr/4.6.2/../../../../avr/lib/avr5/crtm324a.o
LOAD main.o
LOAD NVM_driver.o
LOAD protocol_avr911.o
LOAD RC_Calib.o
LOAD TPI_driver.o
LOAD usart_driver.o
START GROUP
LOAD c:/avr8-gnu-toolchain-win32_x86/bin/../lib/gcc/avr/4.6.2/../../../../avr/lib/avr5\libm.a
END GROUP
LOAD c:/avr8-gnu-toolchain-win32_x86/bin/../lib/gcc/avr/4.6.2/avr5\libgcc.a
LOAD c:/avr8-gnu-toolchain-win32_x86/bin/../lib/gcc/avr/4.6.2/../../../../avr/lib/avr5\libc.a
LOAD c:/avr8-gnu-toolchain-win32_x86/bin/../lib/gcc/avr/4.6.2/avr5\libgcc.a

.hash
 *(.hash)

.dynsym
 *(.dynsym)

.dynstr
 *(.dynstr)

.gnu.version
 *(.gnu.version)

.gnu.version_d
 *(.gnu.version_d)

.gnu.version_r
 *(.gnu.version_r)

.rel.init
 *(.rel.init)

.rela.init
 *(.rela.init)

.rel.text
 *(.rel.text)
 *(.rel.text.*)
 *(.rel.gnu.linkonce.t*)

.rela.text
 *(.rela.text)
 *(.rela.text.*)
 *(.rela.gnu.linkonce.t*)

.rel.fini
 *(.rel.fini)

.rela.fini
 *(.rela.fini)

.rel.rodata
 *(.rel.rodata)
 *(.rel.rodata.*)
 *(.rel.gnu.linkonce.r*)

.rela.rodata
 *(.rela.rodata)
 *(.rela.rodata.*)
 *(.rela.gnu.linkonce.r*)

.rel.data
 *(.rel.data)
 *(.rel.data.*)
 *(.rel.gnu.linkonce.d*)

.rela.data
 *(.rela.data)
 *(.rela.data.*)
 *(.rela.gnu.linkonce.d*)

.rel.ctors
 *(.rel.ctors)

.rela.ctors
 *(.rela.ctors)

.rel.dtors
 *(.rel.dtors)

.rela.dtors
 *(.rela.dtors)

.rel.got
 *(.rel.got)

.rela.got
 *(.rela.got)

.rel.bss
 *(.rel.bss)

.rela.bss
 *(.rela.bss)

.rel.plt
 *(.rel.plt)

.rela.plt
 *(.rela.plt)

.text           0x00000000      0x9f8
 *(.vectors)
 .vectors       0x00000000       0x7c c:/avr8-gnu-toolchain-win32_x86/bin/../lib/gcc/avr/4.6.2/../../../../avr/lib/avr5/crtm324a.o
                0x00000000                __vector_default
                0x00000000                __vectors
 *(.vectors)
 *(.progmem.gcc*)
 *(.progmem*)
                0x0000007c                . = ALIGN (0x2)
                0x0000007c                __trampolines_start = .
 *(.trampolines)
 .trampolines   0x0000007c        0x0 linker stubs
 *(.trampolines*)
                0x0000007c                __trampolines_end = .
 *(.jumptables)
 *(.jumptables*)
 *(.lowtext)
 *(.lowtext*)
                0x0000007c                __ctors_start = .
 *(.ctors)
                0x0000007c                __ctors_end = .
                0x0000007c                __dtors_start = .
 *(.dtors)
                0x0000007c                __dtors_end = .
 SORT(*)(.ctors)
 SORT(*)(.dtors)
 *(.init0)
 .init0         0x0000007c        0x0 c:/avr8-gnu-toolchain-win32_x86/bin/../lib/gcc/avr/4.6.2/../../../../avr/lib/avr5/crtm324a.o
                0x0000007c                __init
 *(.init0)
 *(.init1)
 *(.init1)
 *(.init2)
 .init2         0x0000007c        0xc c:/avr8-gnu-toolchain-win32_x86/bin/../lib/gcc/avr/4.6.2/../../../../avr/lib/avr5/crtm324a.o
 *(.init2)
 *(.init3)
 *(.init3)
 *(.init4)
 .init4         0x00000088       0x16 c:/avr8-gnu-toolchain-win32_x86/bin/../lib/gcc/avr/4.6.2/avr5\libgcc.a(_copy_data.o)
                0x00000088                __do_copy_data
 .init4         0x0000009e       0x10 c:/avr8-gnu-toolchain-win32_x86/bin/../lib/gcc/avr/4.6.2/avr5\libgcc.a(_clear_bss.o)
                0x0000009e                __do_clear_bss
 *(.init4)
 *(.init5)
 *(.init5)
 *(.init6)
 *(.init6)
 *(.init7)
 *(.init7)
 *(.init8)
 *(.init8)
 *(.init9)
 .init9         0x000000ae        0x8 c:/avr8-gnu-toolchain-win32_x86/bin/../lib/gcc/avr/4.6.2/../../../../avr/lib/avr5/crtm324a.o
 *(.init9)
 *(.text)
 .text          0x000000b6        0x4 c:/avr8-gnu-toolchain-win32_x86/bin/../lib/gcc/avr/4.6.2/../../../../avr/lib/avr5/crtm324a.o
                0x000000b6                __vector_22
                0x000000b6                __vector_28
                0x000000b6                __vector_1
                0x000000b6                __vector_24
                0x000000b6                __vector_12
                0x000000b6                __bad_interrupt
                0x000000b6                __vector_6
                0x000000b6                __vector_3
                0x000000b6                __vector_23
                0x000000b6                __vector_30
                0x000000b6                __vector_25
                0x000000b6                __vector_11
                0x000000b6                __vector_13
                0x000000b6                __vector_17
                0x000000b6                __vector_19
                0x000000b6                __vector_7
                0x000000b6                __vector_27
                0x000000b6                __vector_5
                0x000000b6                __vector_4
                0x000000b6                __vector_9
                0x000000b6                __vector_2
                0x000000b6                __vector_21
                0x000000b6                __vector_15
                0x000000b6                __vector_29
                0x000000b6                __vector_8
                0x000000b6                __vector_26
                0x000000b6                __vector_14
                0x000000b6                __vector_10
                0x000000b6                __vector_16
                0x000000b6                __vector_18
                0x000000b6                __vector_20
 .text          0x000000ba        0xe main.o
                0x000000ba                main
 .text          0x000000c8       0x9a NVM_driver.o
                0x000000c8                send_nvm_address
                0x000000fe                send_nvm_command
                0x00000112                read_nvm_byte
                0x0000012c                write_nvm_word
 .text          0x00000162      0x2d8 protocol_avr911.o
                0x00000162                universal_command
                0x000001f0                avrosp_protocol
 .text          0x0000043a       0x9c RC_Calib.o
                0x0000043a                RC_Calibrate
 .text          0x000004d6      0x360 TPI_driver.o
                0x000004d6                tpi_init
                0x000004e2                send_skey
                0x00000568                set_gaurd_time
                0x000005b2                read_device_id
                0x000005f0                read_lockbyte
                0x00000608                read_config_byte0
                0x00000620                read_calib_byte0
                0x00000638                read_code_byte
                0x00000668                tpi_disable
                0x0000067c                tpi_idle
                0x00000692                is_nvm_busy
                0x000006b6                chip_erase
                0x000006d6                erase_code_section
                0x000006f6                program_code_word
                0x0000071a                erase_config_byte0
                0x0000073a                program_lockbyte
                0x00000762                program_config_byte0
                0x0000078a                read_tpi_id
                0x000007a0                read_gaurd_time
                0x000007b8                read_tpi_status
                0x000007d0                tpi_enable
 .text          0x00000836       0xca usart_driver.o
                0x00000836                tpi_comm_init
                0x0000084a                tpi_receive_byte
                0x00000872                tpi_send_byte
                0x000008a4                avrosp_comm_init
                0x000008c2                avrosp_send_byte
                0x000008dc                avrosp_receive_byte
 .text          0x00000900        0x0 c:/avr8-gnu-toolchain-win32_x86/bin/../lib/gcc/avr/4.6.2/avr5\libgcc.a(_exit.o)
 .text          0x00000900        0x0 c:/avr8-gnu-toolchain-win32_x86/bin/../lib/gcc/avr/4.6.2/avr5\libgcc.a(_copy_data.o)
 .text          0x00000900        0x0 c:/avr8-gnu-toolchain-win32_x86/bin/../lib/gcc/avr/4.6.2/avr5\libgcc.a(_clear_bss.o)
 .text          0x00000900       0xf4 c:/avr8-gnu-toolchain-win32_x86/bin/../lib/gcc/avr/4.6.2/avr5\libgcc.a(_lshrdi3.o)
                0x00000900                __lshrdi3
                0x000009f4                . = ALIGN (0x2)
 *(.text.*)
 .text.libgcc   0x000009f4        0x0 c:/avr8-gnu-toolchain-win32_x86/bin/../lib/gcc/avr/4.6.2/avr5\libgcc.a(_exit.o)
 .text.libgcc   0x000009f4        0x0 c:/avr8-gnu-toolchain-win32_x86/bin/../lib/gcc/avr/4.6.2/avr5\libgcc.a(_copy_data.o)
 .text.libgcc   0x000009f4        0x0 c:/avr8-gnu-toolchain-win32_x86/bin/../lib/gcc/avr/4.6.2/avr5\libgcc.a(_clear_bss.o)
                0x000009f4                . = ALIGN (0x2)
 *(.fini9)
 .fini9         0x000009f4        0x0 c:/avr8-gnu-toolchain-win32_x86/bin/../lib/gcc/avr/4.6.2/avr5\libgcc.a(_exit.o)
                0x000009f4                _exit
                0x000009f4                exit
 *(.fini9)
 *(.fini8)
 *(.fini8)
 *(.fini7)
 *(.fini7)
 *(.fini6)
 *(.fini6)
 *(.fini5)
 *(.fini5)
 *(.fini4)
 *(.fini4)
 *(.fini3)
 *(.fini3)
 *(.fini2)
 *(.fini2)
 *(.fini1)
 *(.fini1)
 *(.fini0)
 .fini0         0x000009f4        0x4 c:/avr8-gnu-toolchain-win32_x86/bin/../lib/gcc/avr/4.6.2/avr5\libgcc.a(_exit.o)
 *(.fini0)
                0x000009f8                _etext = .

.data           0x00800100        0x2 load address 0x000009f8
                0x00800100                PROVIDE (__data_start, .)
 *(.data)
 .data          0x00800100        0x0 c:/avr8-gnu-toolchain-win32_x86/bin/../lib/gcc/avr/4.6.2/../../../../avr/lib/avr5/crtm324a.o
 .data          0x00800100        0x0 main.o
 .data          0x00800100        0x0 NVM_driver.o
 .data          0x00800100        0x0 protocol_avr911.o
 .data          0x00800100        0x0 RC_Calib.o
 .data          0x00800100        0x1 TPI_driver.o
                0x00800100                nvm_status
 .data          0x00800101        0x0 usart_driver.o
 .data          0x00800101        0x0 c:/avr8-gnu-toolchain-win32_x86/bin/../lib/gcc/avr/4.6.2/avr5\libgcc.a(_exit.o)
 .data          0x00800101        0x0 c:/avr8-gnu-toolchain-win32_x86/bin/../lib/gcc/avr/4.6.2/avr5\libgcc.a(_copy_data.o)
 .data          0x00800101        0x0 c:/avr8-gnu-toolchain-win32_x86/bin/../lib/gcc/avr/4.6.2/avr5\libgcc.a(_clear_bss.o)
 .data          0x00800101        0x0 c:/avr8-gnu-toolchain-win32_x86/bin/../lib/gcc/avr/4.6.2/avr5\libgcc.a(_lshrdi3.o)
 *(.data*)
 *(.rodata)
 *(.rodata*)
 *(.gnu.linkonce.d*)
                0x00800102                . = ALIGN (0x2)
 *fill*         0x00800101        0x1 00
                0x00800102                _edata = .
                0x00800102                PROVIDE (__data_end, .)

.bss            0x00800102       0x19
                0x00800102                PROVIDE (__bss_start, .)
 *(.bss)
 .bss           0x00800102        0x0 c:/avr8-gnu-toolchain-win32_x86/bin/../lib/gcc/avr/4.6.2/../../../../avr/lib/avr5/crtm324a.o
 .bss           0x00800102        0x0 main.o
 .bss           0x00800102        0x0 NVM_driver.o
 .bss           0x00800102        0x2 protocol_avr911.o
                0x00800102                autoincrement
                0x00800103                k
 .bss           0x00800104        0x0 RC_Calib.o
 .bss           0x00800104        0x0 TPI_driver.o
 .bss           0x00800104        0x0 usart_driver.o
 .bss           0x00800104        0x0 c:/avr8-gnu-toolchain-win32_x86/bin/../lib/gcc/avr/4.6.2/avr5\libgcc.a(_exit.o)
 .bss           0x00800104        0x0 c:/avr8-gnu-toolchain-win32_x86/bin/../lib/gcc/avr/4.6.2/avr5\libgcc.a(_copy_data.o)
 .bss           0x00800104        0x0 c:/avr8-gnu-toolchain-win32_x86/bin/../lib/gcc/avr/4.6.2/avr5\libgcc.a(_clear_bss.o)
 .bss           0x00800104        0x0 c:/avr8-gnu-toolchain-win32_x86/bin/../lib/gcc/avr/4.6.2/avr5\libgcc.a(_lshrdi3.o)
 *(.bss*)
 *(COMMON)
 COMMON         0x00800104        0xb main.o
                0x00800104                idle_clock
                0x00800105                lock_byte
                0x00800107                tpi_status
                0x00800108                tpi_id
                0x00800109                config_byte_0
                0x0080010a                calib_byte_0
                0x0080010b                gaurd_time
                0x0080010c                dev_id
 COMMON         0x0080010f        0xc protocol_avr911.o
                0x0080010f                prog_cmd
                0x00800113                low_byte
                0x00800114                address
                0x00800116                flash_address
                0x00800118                flash_data
                0x0080011a                high_byte
                0x0080011b                PROVIDE (__bss_end, .)
                0x000009f8                __data_load_start = LOADADDR (.data)
                0x000009fa                __data_load_end = (__data_load_start + SIZEOF (.data))

.noinit         0x0080011b        0x0
                0x0080011b                PROVIDE (__noinit_start, .)
 *(.noinit*)
                0x0080011b                PROVIDE (__noinit_end, .)
                0x0080011b                _end = .
                0x0080011b                PROVIDE (__heap_start, .)

.eeprom         0x00810000        0x0
 *(.eeprom*)
                0x00810000                __eeprom_end = .

.fuse
 *(.fuse)
 *(.lfuse)
 *(.hfuse)
 *(.efuse)

.lock
 *(.lock*)

.signature
 *(.signature*)

.stab           0x00000000      0x6cc
 *(.stab)
 .stab          0x00000000      0x6cc c:/avr8-gnu-toolchain-win32_x86/bin/../lib/gcc/avr/4.6.2/../../../../avr/lib/avr5/crtm324a.o

.stabstr        0x00000000       0x97
 *(.stabstr)
 .stabstr       0x00000000       0x97 c:/avr8-gnu-toolchain-win32_x86/bin/../lib/gcc/avr/4.6.2/../../../../avr/lib/avr5/crtm324a.o

.stab.excl
 *(.stab.excl)

.stab.exclstr
 *(.stab.exclstr)

.stab.index
 *(.stab.index)

.stab.indexstr
 *(.stab.indexstr)

.comment
 *(.comment)

.debug
 *(.debug)

.line
 *(.line)

.debug_srcinfo
 *(.debug_srcinfo)

.debug_sfnames
 *(.debug_sfnames)

.debug_aranges  0x00000000      0x140
 *(.debug_aranges)
 .debug_aranges
                0x00000000       0x20 main.o
 .debug_aranges
                0x00000020       0x20 NVM_driver.o
 .debug_aranges
                0x00000040       0x20 protocol_avr911.o
 .debug_aranges
                0x00000060       0x20 RC_Calib.o
 .debug_aranges
                0x00000080       0x20 TPI_driver.o
 .debug_aranges
                0x000000a0       0x20 usart_driver.o
 .debug_aranges
                0x000000c0       0x20 c:/avr8-gnu-toolchain-win32_x86/bin/../lib/gcc/avr/4.6.2/avr5\libgcc.a(_exit.o)
 .debug_aranges
                0x000000e0       0x20 c:/avr8-gnu-toolchain-win32_x86/bin/../lib/gcc/avr/4.6.2/avr5\libgcc.a(_copy_data.o)
 .debug_aranges
                0x00000100       0x20 c:/avr8-gnu-toolchain-win32_x86/bin/../lib/gcc/avr/4.6.2/avr5\libgcc.a(_clear_bss.o)
 .debug_aranges
                0x00000120       0x20 c:/avr8-gnu-toolchain-win32_x86/bin/../lib/gcc/avr/4.6.2/avr5\libgcc.a(_lshrdi3.o)

.debug_pubnames
 *(.debug_pubnames)

.debug_info     0x00000000     0x1556
 *(.debug_info)
 .debug_info    0x00000000      0x141 main.o
 .debug_info    0x00000141      0x1eb NVM_driver.o
 .debug_info    0x0000032c      0x2da protocol_avr911.o
 .debug_info    0x00000606      0x2be RC_Calib.o
 .debug_info    0x000008c4      0x5ac TPI_driver.o
 .debug_info    0x00000e70      0x271 usart_driver.o
 .debug_info    0x000010e1       0xfb c:/avr8-gnu-toolchain-win32_x86/bin/../lib/gcc/avr/4.6.2/avr5\libgcc.a(_exit.o)
 .debug_info    0x000011dc       0xfb c:/avr8-gnu-toolchain-win32_x86/bin/../lib/gcc/avr/4.6.2/avr5\libgcc.a(_copy_data.o)
 .debug_info    0x000012d7       0xfb c:/avr8-gnu-toolchain-win32_x86/bin/../lib/gcc/avr/4.6.2/avr5\libgcc.a(_clear_bss.o)
 .debug_info    0x000013d2      0x184 c:/avr8-gnu-toolchain-win32_x86/bin/../lib/gcc/avr/4.6.2/avr5\libgcc.a(_lshrdi3.o)
 *(.gnu.linkonce.wi.*)

.debug_abbrev   0x00000000      0x7c1
 *(.debug_abbrev)
 .debug_abbrev  0x00000000       0x78 main.o
 .debug_abbrev  0x00000078       0xc0 NVM_driver.o
 .debug_abbrev  0x00000138       0xf0 protocol_avr911.o
 .debug_abbrev  0x00000228      0x135 RC_Calib.o
 .debug_abbrev  0x0000035d      0x20a TPI_driver.o
 .debug_abbrev  0x00000567      0x12e usart_driver.o
 .debug_abbrev  0x00000695       0x14 c:/avr8-gnu-toolchain-win32_x86/bin/../lib/gcc/avr/4.6.2/avr5\libgcc.a(_exit.o)
 .debug_abbrev  0x000006a9       0x14 c:/avr8-gnu-toolchain-win32_x86/bin/../lib/gcc/avr/4.6.2/avr5\libgcc.a(_copy_data.o)
 .debug_abbrev  0x000006bd       0x14 c:/avr8-gnu-toolchain-win32_x86/bin/../lib/gcc/avr/4.6.2/avr5\libgcc.a(_clear_bss.o)
 .debug_abbrev  0x000006d1       0xf0 c:/avr8-gnu-toolchain-win32_x86/bin/../lib/gcc/avr/4.6.2/avr5\libgcc.a(_lshrdi3.o)

.debug_line     0x00000000      0x982
 *(.debug_line)
 .debug_line    0x00000000       0xab main.o
 .debug_line    0x000000ab       0xc0 NVM_driver.o
 .debug_line    0x0000016b      0x11a protocol_avr911.o
 .debug_line    0x00000285      0x15a RC_Calib.o
 .debug_line    0x000003df      0x210 TPI_driver.o
 .debug_line    0x000005ef      0x10d usart_driver.o
 .debug_line    0x000006fc       0x9a c:/avr8-gnu-toolchain-win32_x86/bin/../lib/gcc/avr/4.6.2/avr5\libgcc.a(_exit.o)
 .debug_line    0x00000796       0xa3 c:/avr8-gnu-toolchain-win32_x86/bin/../lib/gcc/avr/4.6.2/avr5\libgcc.a(_copy_data.o)
 .debug_line    0x00000839       0xa0 c:/avr8-gnu-toolchain-win32_x86/bin/../lib/gcc/avr/4.6.2/avr5\libgcc.a(_clear_bss.o)
 .debug_line    0x000008d9       0xa9 c:/avr8-gnu-toolchain-win32_x86/bin/../lib/gcc/avr/4.6.2/avr5\libgcc.a(_lshrdi3.o)

.debug_frame    0x00000000      0x3bc
 *(.debug_frame)
 .debug_frame   0x00000000       0x24 main.o
 .debug_frame   0x00000024       0x7c NVM_driver.o
 .debug_frame   0x000000a0       0x48 protocol_avr911.o
 .debug_frame   0x000000e8       0x24 RC_Calib.o
 .debug_frame   0x0000010c      0x1e0 TPI_driver.o
 .debug_frame   0x000002ec       0x84 usart_driver.o
 .debug_frame   0x00000370       0x4c c:/avr8-gnu-toolchain-win32_x86/bin/../lib/gcc/avr/4.6.2/avr5\libgcc.a(_lshrdi3.o)

.debug_str      0x00000000      0x5f5
 *(.debug_str)
 .debug_str     0x00000000       0xd1 main.o
                                0x122 (size before relaxing)
 .debug_str     0x000000d1       0x5a NVM_driver.o
                                0x18c (size before relaxing)
 .debug_str     0x0000012b       0x94 protocol_avr911.o
                                0x1bb (size before relaxing)
 .debug_str     0x000001bf       0x99 RC_Calib.o
                                0x1c0 (size before relaxing)
 .debug_str     0x00000258      0x1ca TPI_driver.o
                                0x364 (size before relaxing)
 .debug_str     0x00000422       0xb7 usart_driver.o
                                0x1f5 (size before relaxing)
 .debug_str     0x000004d9      0x11c c:/avr8-gnu-toolchain-win32_x86/bin/../lib/gcc/avr/4.6.2/avr5\libgcc.a(_lshrdi3.o)
                                0x1a6 (size before relaxing)

.debug_loc      0x00000000      0x7ce
 *(.debug_loc)
 .debug_loc     0x00000000      0x118 NVM_driver.o
 .debug_loc     0x00000118      0x114 protocol_avr911.o
 .debug_loc     0x0000022c       0x4d RC_Calib.o
 .debug_loc     0x00000279      0x3d7 TPI_driver.o
 .debug_loc     0x00000650       0x7c usart_driver.o
 .debug_loc     0x000006cc      0x102 c:/avr8-gnu-toolchain-win32_x86/bin/../lib/gcc/avr/4.6.2/avr5\libgcc.a(_lshrdi3.o)

.debug_macinfo
 *(.debug_macinfo)
OUTPUT(AVR918.elf elf32-avr)
LOAD linker stubs

.debug_ranges   0x00000000       0x18
 .debug_ranges  0x00000000       0x18 usart_driver.o
